// Jest Snapshot v1, https://goo.gl/fbAQLP

exports[`Pruebas en <NoteScreen /> debe de mostrarse correctamente 1`] = `
<div
  className="note__main-content"
>
  <div
    className="note__appbar"
  >
    <span>
      28 Agust 2020
    </span>
    <input
      id="fileSelector"
      name="file"
      onChange={[Function]}
      style={
        Object {
          "display": "none",
        }
      }
      type="file"
    />
    <div>
      <button
        className="btn"
        onClick={[Function]}
      >
        Picture
      </button>
      <button
        className="btn"
        onClick={[Function]}
      >
        Save
      </button>
    </div>
  </div>
  <div
    className="note__content"
  >
    <input
      className="note__title-input"
      name="title"
      onChange={[Function]}
      placeholder="some awesome title..."
      type="text"
      value="Hola"
    />
    <textarea
      className="note__textarea"
      name="body"
      onChange={[Function]}
      placeholder="what happened today?"
      value="mundo"
    />
  </div>
  <button
    className="btn btn-block btn-danger "
    onClick={[Function]}
  >
    Borrar
  </button>
</div>
`;
